python.exe : Creating 
test database for alias 
'default' ('file:memorydb_
default?mode=memory&cache=
shared')...
Au caractère Ligne:1 : 137
+ ... velopment'; & "c:\Us
ers\DELL\.gemini\antigravi
ty\playground\tensor-ri 
...
+                 ~~~~~~~~
~~~~~~~~~~~~~~~~~~~~~~~~~~
~~~~~~~~~~~~~~~~~~~~~~~
    + CategoryInfo        
      : NotSpecified: (C  
  reating test d...che=   
 shared')...:String) [    
], RemoteException
    + FullyQualifiedError 
   Id : NativeCommandErr  
  or
 

Found 73 test(s).
Operations to perform:
  Synchronize unmigrated apps: corsheaders, drf_spectacular, messages, rest_framework, staticfiles
  Apply all migrations: admin, analytics, auth, contenttypes, logistics, messaging, notifications, payments, reviews, sessions, support, trust, users
Synchronizing apps without migrations:
  Creating tables...
    Running deferred SQL...
Running migrations:
  Applying contenttypes.0001_initial... OK
  Applying contenttypes.0002_remove_content_type_name... OK
  Applying auth.0001_initial... OK
  Applying auth.0002_alter_permission_name_max_length... OK
  Applying auth.0003_alter_user_email_max_length... OK
  Applying auth.0004_alter_user_username_opts... OK
  Applying auth.0005_alter_user_last_login_null... OK
  Applying auth.0006_require_contenttypes_0002... OK
  Applying auth.0007_alter_validators_add_error_messages... OK
  Applying auth.0008_alter_user_username_max_length... OK
  Applying auth.0009_alter_user_last_name_max_length... OK
  Applying auth.0010_alter_group_name_max_length... OK
  Applying auth.0011_update_proxy_permissions... OK
  Applying auth.0012_alter_user_first_name_max_length... OK
  Applying users.0001_initial... OK
  Applying admin.0001_initial... OK
  Applying admin.0002_logentry_remove_auto_add... OK
  Applying admin.0003_logentry_add_action_flag_choices... OK
  Applying analytics.0001_initial... OK
  Applying analytics.0002_dailyusersnapshot... OK
  Applying analytics.0003_security_log_model... OK
  Applying logistics.0001_initial... OK
  Applying logistics.0002_initial... OK
  Applying logistics.0003_alter_offer_commission_amount_alter_offer_price_net_and_more... OK
  Applying logistics.0004_blueprint_alignment... OK
  Applying messaging.0001_messaging_models... OK
  Applying notifications.0001_notification_system... OK
  Applying notifications.0002_add_category_field... OK
  Applying payments.0001_initial... OK
  Applying payments.0002_initial... OK
  Applying payments.0003_alter_commissionledger_amount_and_more... OK
  Applying payments.0004_blueprint_alignment... OK
  Applying reviews.0001_review_system... OK
  Applying reviews.0002_blueprint_alignment... OK
  Applying sessions.0001_initial... OK
  Applying support.0001_initial... OK
  Applying support.0002_initial... OK
  Applying support.0003_alter_auditlog_options_alter_auditlog_action_and_more... OK
  Applying support.0004_dispute_lifecycle_hardening... OK
  Applying trust.0001_initial... OK
  Applying trust.0002_initial... OK
  Applying trust.0003_trust_core_foundation... OK
  Applying trust.0004_trust_action_log... OK
  Applying trust.0005_trust_override... OK
  Applying trust.0006_trust_policy... OK
  Applying trust.0007_blueprint_alignment... OK
  Applying users.0002_user_last_seen_at... OK
test_create_job_authentica
ted_client (logistics.test
s.test_api.JobCreateAPITes
ts.test_create_job_authent
icated_client)
Authenticated CLIENT can 
create a job. ... INFO 
2026-02-17 23:35:45,703 
views USER_LOGIN: 
user_id=1, 
email=apiclient@test.tn
ERROR
test_create_job_missing_pi
ckup (logistics.tests.test
_api.JobCreateAPITests.tes
t_create_job_missing_picku
p)
Missing required 
pickup_address returns 
400. ... INFO 2026-02-17 
23:35:48,347 views 
USER_LOGIN: user_id=1, 
email=apiclient@test.tn
WARNING 2026-02-17 
23:35:48,358 log Bad 
Request: /api/jobs/
ok
test_create_job_unauthenti
cated (logistics.tests.tes
t_api.JobCreateAPITests.te
st_create_job_unauthentica
ted)
Unauthenticated request 
to create job returns 
401. ... WARNING 
2026-02-17 23:35:50,158 
log Unauthorized: 
/api/jobs/
ok
test_job_detail_authentica
ted (logistics.tests.test_
api.JobDetailAPITests.test
_job_detail_authenticated)
Authenticated user can 
view job detail. ... INFO 
2026-02-17 23:35:54,244 
views USER_LOGIN: 
user_id=1, 
email=apiclient@test.tn
ok
test_job_detail_not_found 
(logistics.tests.test_api.
JobDetailAPITests.test_job
_detail_not_found)
Non-existent job returns 
404. ... INFO 2026-02-17 
23:35:58,478 views 
USER_LOGIN: user_id=1, 
email=apiclient@test.tn
WARNING 2026-02-17 
23:35:58,484 log Not 
Found: /api/jobs/99999/
ok
test_my_jobs_authenticated
 (logistics.tests.test_api
.JobMyListAPITests.test_my
_jobs_authenticated)
Authenticated user can 
list their own jobs. ... 
INFO 2026-02-17 
23:36:01,485 views 
USER_LOGIN: user_id=1, 
email=apiclient@test.tn
ok
test_my_jobs_only_returns_
own (logistics.tests.test_
api.JobMyListAPITests.test
_my_jobs_only_returns_own)
User only sees their own 
jobs, not others'. ... 
INFO 2026-02-17 
23:36:04,144 views 
USER_LOGIN: user_id=1, 
email=apiclient@test.tn
ERROR
test_my_jobs_unauthenticat
ed (logistics.tests.test_a
pi.JobMyListAPITests.test_
my_jobs_unauthenticated)
Unauthenticated request 
to 'my jobs' returns 401. 
... WARNING 2026-02-17 
23:36:06,058 log 
Unauthorized: 
/api/jobs/my/
ok
test_public_jobs_accessibl
e_without_auth (logistics.
tests.test_api.JobPublicLi
stAPITests.test_public_job
s_accessible_without_auth)
Public jobs endpoint 
allows unauthenticated 
access (IsAuthenticatedOrR
eadOnly). ... ok
test_public_jobs_returns_p
ublished_only (logistics.t
ests.test_api.JobPublicLis
tAPITests.test_public_jobs
_returns_published_only)
Public endpoint should 
only return PUBLISHED 
jobs. ... ERROR
test_offer_default_status_
pending (logistics.tests.t
est_api.OfferModelTests.te
st_offer_default_status_pe
nding)
New offer defaults to 
PENDING. ... ok
test_offer_str_representat
ion (logistics.tests.test_
api.OfferModelTests.test_o
ffer_str_representation)
Offer __str__ includes 
job ID and status. ... ok
test_draft_to_cancelled (l
ogistics.tests.test_status
_transitions.StatusTransit
ionTestCase.test_draft_to_
cancelled)
DRAFT \u2192 CANCELLED is 
allowed. ... ok
test_draft_to_published (l
ogistics.tests.test_status
_transitions.StatusTransit
ionTestCase.test_draft_to_
published)
DRAFT \u2192 PUBLISHED is 
allowed. ... ok
test_in_progress_to_comple
ted (logistics.tests.test_
status_transitions.StatusT
ransitionTestCase.test_in_
progress_to_completed)
IN_PROGRESS \u2192 
COMPLETED is allowed. ... 
ok
test_in_progress_to_disput
ed (logistics.tests.test_s
tatus_transitions.StatusTr
ansitionTestCase.test_in_p
rogress_to_disputed)
IN_PROGRESS \u2192 
DISPUTED is allowed. ... 
ok
test_job_owner_protected (
logistics.tests.test_statu
s_transitions.StatusTransi
tionTestCase.test_job_owne
r_protected)
Job owner FK uses PROTECT 
ù cannot delete user with 
jobs. ... ok
test_job_timestamps (logis
tics.tests.test_status_tra
nsitions.StatusTransitionT
estCase.test_job_timestamp
s)
created_at and updated_at 
are populated 
automatically. ... ok
test_multiple_offers_on_jo
b (logistics.tests.test_st
atus_transitions.StatusTra
nsitionTestCase.test_multi
ple_offers_on_job)
Multiple offers can exist 
on a single published 
job. ... ok
test_offer_pending_to_acce
pted (logistics.tests.test
_status_transitions.Status
TransitionTestCase.test_of
fer_pending_to_accepted)
PENDING \u2192 ACCEPTED 
is allowed. ... ok
test_offer_pending_to_reje
cted (logistics.tests.test
_status_transitions.Status
TransitionTestCase.test_of
fer_pending_to_rejected)
PENDING \u2192 REJECTED 
is allowed. ... ok
test_offer_pending_to_with
drawn (logistics.tests.tes
t_status_transitions.Statu
sTransitionTestCase.test_o
ffer_pending_to_withdrawn)
PENDING \u2192 WITHDRAWN 
is allowed. ... ok
test_offer_price_integrity
 (logistics.tests.test_sta
tus_transitions.StatusTran
sitionTestCase.test_offer_
price_integrity)
total_price >= price_net 
(DB constraint). ... ok
test_offer_timestamps (log
istics.tests.test_status_t
ransitions.StatusTransitio
nTestCase.test_offer_times
tamps)
created_at is populated 
automatically on offer. 
... ok
test_published_to_cancelle
d (logistics.tests.test_st
atus_transitions.StatusTra
nsitionTestCase.test_publi
shed_to_cancelled)
PUBLISHED \u2192 
CANCELLED is allowed. ... 
ok
test_published_to_in_progr
ess (logistics.tests.test_
status_transitions.StatusT
ransitionTestCase.test_pub
lished_to_in_progress)
PUBLISHED \u2192 
IN_PROGRESS is allowed 
(via offer acceptance). 
... ok
test_booking_one_per_job (
payments.tests.BookingTest
s.test_booking_one_per_job
)
OneToOneField prevents 
duplicate bookings per 
job. ... ok
test_create_booking_cod (p
ayments.tests.BookingTests
.test_create_booking_cod)
Can create a COD payment 
booking. ... ok
test_create_booking_digita
l (payments.tests.BookingT
ests.test_create_booking_d
igital)
Can create a digital 
payment booking. ... ok
test_commission_one_per_jo
b (payments.tests.Commissi
onLedgerTests.test_commiss
ion_one_per_job)
OneToOneField prevents 
duplicate commission per 
job. ... ok
test_commission_settlement
 (payments.tests.Commissio
nLedgerTests.test_commissi
on_settlement)
Can mark a commission as 
settled. ... ok
test_commission_str (payme
nts.tests.CommissionLedger
Tests.test_commission_str)
CommissionLedger __str__ 
includes transporter and 
amount. ... ok
test_create_commission_ent
ry (payments.tests.Commiss
ionLedgerTests.test_create
_commission_entry)
Can create a commission 
ledger entry. ... ok
test_create_escrow_default
_initiated (payments.tests
.EscrowTransactionTests.te
st_create_escrow_default_i
nitiated)
New escrow transaction 
defaults to INITIATED. 
... ok
test_escrow_held_to_refund
ed (payments.tests.EscrowT
ransactionTests.test_escro
w_held_to_refunded)
HELD \u2192 REFUNDED is a 
valid transition. ... ok
test_escrow_held_to_releas
ed (payments.tests.EscrowT
ransactionTests.test_escro
w_held_to_released)
HELD \u2192 RELEASED is a 
valid transition. ... ok
test_escrow_initiated_to_h
eld (payments.tests.Escrow
TransactionTests.test_escr
ow_initiated_to_held)
INITIATED \u2192 HELD is 
a valid transition. ... ok
test_escrow_str_includes_s
tatus_amount (payments.tes
ts.EscrowTransactionTests.
test_escrow_str_includes_s
tatus_amount)
EscrowTransaction __str__ 
includes status and 
amount. ... ok
test_audit_log_str (suppor
t.tests.AuditLogTests.test
_audit_log_str)
AuditLog __str__ includes 
actor and action. ... ok
test_create_audit_log (sup
port.tests.AuditLogTests.t
est_create_audit_log)
Can create an audit log 
entry. ... ok
test_dispute_str_includes_
job_and_status (support.te
sts.DisputeConstraintTests
.test_dispute_str_includes
_job_and_status)
Dispute __str__ includes 
job ID and status. ... ok
test_duplicate_active_disp
ute_blocked (support.tests
.DisputeConstraintTests.te
st_duplicate_active_disput
e_blocked)
Cannot have two active 
disputes on the same job 
(clean() + DB 
constraint). ... WARNING 
2026-02-17 23:36:54,612 
models DISPUTE_BLOCKED: 
job=1 already has active 
dispute
ok
test_new_dispute_after_res
olution (support.tests.Dis
puteConstraintTests.test_n
ew_dispute_after_resolutio
n)
Can create a new dispute 
after the previous one is 
resolved. ... INFO 
2026-02-17 23:36:56,041 
models 
DISPUTE_TRANSITION: 
dispute_id=1, job_id=1, 
from=OPEN, 
to=INVESTIGATING, 
by=system
INFO 2026-02-17 
23:36:56,042 models 
DISPUTE_TRANSITION: 
dispute_id=1, job_id=1, 
from=INVESTIGATING, 
to=RESOLVED, by=2
ok
test_open_to_rejected_inva
lid (support.tests.Dispute
InvalidTransitionTests.tes
t_open_to_rejected_invalid
)
OPEN \u2192 REJECTED is 
NOT allowed. ... ERROR 
2026-02-17 23:36:57,465 
models DISPUTE_INVALID_TRA
NSITION: dispute_id=1, 
from=OPEN, to=REJECTED, 
allowed=['INVESTIGATING']
ok
test_open_to_resolved_inva
lid (support.tests.Dispute
InvalidTransitionTests.tes
t_open_to_resolved_invalid
)
OPEN \u2192 RESOLVED is 
NOT allowed (must go 
through INVESTIGATING). 
... ERROR 2026-02-17 
23:36:59,532 models DISPUT
E_INVALID_TRANSITION: 
dispute_id=1, from=OPEN, 
to=RESOLVED, 
allowed=['INVESTIGATING']
ok
test_rejected_to_anything_
invalid (support.tests.Dis
puteInvalidTransitionTests
.test_rejected_to_anything
_invalid)
REJECTED is a terminal 
state ù no further 
transitions allowed. ... 
INFO 2026-02-17 
23:37:01,163 models 
DISPUTE_TRANSITION: 
dispute_id=1, job_id=1, 
from=INVESTIGATING, 
to=REJECTED, by=2
ERROR 2026-02-17 
23:37:01,163 models DISPUT
E_INVALID_TRANSITION: 
dispute_id=1, 
from=REJECTED, 
to=INVESTIGATING, 
allowed=[]
ok
test_resolve_requires_reso
lved_by (support.tests.Dis
puteInvalidTransitionTests
.test_resolve_requires_res
olved_by)
Transitioning to RESOLVED 
without resolved_by 
raises ValidationError. 
... WARNING 2026-02-17 
23:37:03,027 models 
DISPUTE_MISSING_RESOLVER: 
dispute_id=1, 
status=RESOLVED
ok
test_resolved_to_anything_
invalid (support.tests.Dis
puteInvalidTransitionTests
.test_resolved_to_anything
_invalid)
RESOLVED is a terminal 
state ù no further 
transitions allowed. ... 
INFO 2026-02-17 
23:37:04,711 models 
DISPUTE_TRANSITION: 
dispute_id=1, job_id=1, 
from=INVESTIGATING, 
to=RESOLVED, by=2
ERROR 2026-02-17 
23:37:04,712 models DISPUT
E_INVALID_TRANSITION: 
dispute_id=1, 
from=RESOLVED, to=OPEN, 
allowed=[]
ok
test_create_dispute_defaul
ts_open (support.tests.Dis
puteLifecycleTests.test_cr
eate_dispute_defaults_open
)
New dispute defaults to 
OPEN status. ... ok
test_full_lifecycle_open_t
o_resolved (support.tests.
DisputeLifecycleTests.test
_full_lifecycle_open_to_re
solved)
Full lifecycle: OPEN 
\u2192 INVESTIGATING 
\u2192 RESOLVED. ... INFO 
2026-02-17 23:37:07,739 
models 
DISPUTE_TRANSITION: 
dispute_id=1, job_id=1, 
from=OPEN, 
to=INVESTIGATING, 
by=system
INFO 2026-02-17 
23:37:07,741 models 
DISPUTE_TRANSITION: 
dispute_id=1, job_id=1, 
from=INVESTIGATING, 
to=RESOLVED, by=2
ok
test_investigating_to_reje
cted (support.tests.Disput
eLifecycleTests.test_inves
tigating_to_rejected)
INVESTIGATING \u2192 
REJECTED is a valid 
transition. ... INFO 
2026-02-17 23:37:09,111 
models 
DISPUTE_TRANSITION: 
dispute_id=1, job_id=1, 
from=INVESTIGATING, 
to=REJECTED, by=2
ok
test_investigating_to_reso
lved (support.tests.Disput
eLifecycleTests.test_inves
tigating_to_resolved)
INVESTIGATING \u2192 
RESOLVED is a valid 
transition. ... INFO 
2026-02-17 23:37:10,487 
models 
DISPUTE_TRANSITION: 
dispute_id=1, job_id=1, 
from=INVESTIGATING, 
to=RESOLVED, by=2
ok
test_open_to_investigating
 (support.tests.DisputeLif
ecycleTests.test_open_to_i
nvestigating)
OPEN \u2192 INVESTIGATING 
is a valid transition. 
... INFO 2026-02-17 
23:37:11,915 models 
DISPUTE_TRANSITION: 
dispute_id=1, job_id=1, 
from=OPEN, 
to=INVESTIGATING, 
by=system
ok
test_audit_is_append_only 
(users.tests.AuthAuditMode
lTests.test_audit_is_appen
d_only)
Modifying an existing 
audit entry raises 
ValueError. ... ok
test_create_audit_entry (u
sers.tests.AuthAuditModelT
ests.test_create_audit_ent
ry)
Can create an audit log 
entry. ... ok
test_login_inactive_user (
users.tests.LoginAPITests.
test_login_inactive_user)
Inactive user cannot 
login. ... WARNING 
2026-02-17 23:37:14,637 
log Bad Request: 
/api/auth/login/
ok
test_login_nonexistent_ema
il (users.tests.LoginAPITe
sts.test_login_nonexistent
_email)
Non-existent email 
returns 400. ... WARNING 
2026-02-17 23:37:15,330 
log Bad Request: 
/api/auth/login/
ok
test_login_success (users.
tests.LoginAPITests.test_l
ogin_success)
Valid credentials return 
200 + JWT tokens. ... 
INFO 2026-02-17 
23:37:17,092 views 
USER_LOGIN: user_id=1, 
email=login@test.tn
ok
test_login_wrong_password 
(users.tests.LoginAPITests
.test_login_wrong_password
)
Wrong password returns 
400. ... WARNING 
2026-02-17 23:37:18,908 
log Bad Request: 
/api/auth/login/
ok
test_profile_get_authentic
ated (users.tests.ProfileA
PITests.test_profile_get_a
uthenticated)
Authenticated user can 
GET their profile. ... 
INFO 2026-02-17 
23:37:20,464 views 
USER_LOGIN: user_id=1, 
email=profile@test.tn
ERROR
test_profile_get_unauthent
icated (users.tests.Profil
eAPITests.test_profile_get
_unauthenticated)
Unauthenticated GET 
/profile/ returns 401. 
... WARNING 2026-02-17 
23:37:21,438 log 
Unauthorized: 
/api/auth/profile/
ok
test_profile_update (users
.tests.ProfileAPITests.tes
t_profile_update)
Authenticated user can 
PUT to update profile. 
... INFO 2026-02-17 
23:37:22,959 views 
USER_LOGIN: user_id=1, 
email=profile@test.tn
INFO 2026-02-17 
23:37:22,966 views 
USER_PROFILE_UPDATED: 
user_id=1
ok
test_register_client_succe
ss (users.tests.RegisterAP
ITests.test_register_clien
t_success)
Valid CLIENT registration 
returns 201 + tokens. ... 
INFO 2026-02-17 
23:37:23,722 views 
USER_REGISTERED: 
user_id=1, 
email=newuser@test.tn, 
role=CLIENT
ok
test_register_duplicate_em
ail (users.tests.RegisterA
PITests.test_register_dupl
icate_email)
Registering with existing 
email returns 400. ... 
INFO 2026-02-17 
23:37:24,474 views 
USER_REGISTERED: 
user_id=1, 
email=newuser@test.tn, 
role=CLIENT
WARNING 2026-02-17 
23:37:24,479 log Bad 
Request: 
/api/auth/register/
ok
test_register_missing_firs
t_name (users.tests.Regist
erAPITests.test_register_m
issing_first_name)
Missing first_name 
returns 400. ... WARNING 
2026-02-17 23:37:24,486 
log Bad Request: 
/api/auth/register/
ok
test_register_password_mis
match (users.tests.Registe
rAPITests.test_register_pa
ssword_mismatch)
Mismatched passwords 
return 400. ... WARNING 
2026-02-17 23:37:24,488 
log Too Many Requests: 
/api/auth/register/
FAIL
test_register_transporter_
success (users.tests.Regis
terAPITests.test_register_
transporter_success)
Valid TRANSPORTER 
registration returns 201 
and creates TrustProfile. 
... WARNING 2026-02-17 
23:37:24,490 log Too Many 
Requests: 
/api/auth/register/
FAIL
test_create_client_user (u
sers.tests.UserModelTests.
test_create_client_user)
Creating a CLIENT user 
sets correct defaults. 
... ok
test_create_transporter_us
er (users.tests.UserModelT
ests.test_create_transport
er_user)
Creating a TRANSPORTER 
user sets role correctly. 
... ok
test_default_role_is_clien
t (users.tests.UserModelTe
sts.test_default_role_is_c
lient)
Default role should be 
CLIENT. ... ok
test_email_is_unique (user
s.tests.UserModelTests.tes
t_email_is_unique)
Duplicate emails raise 
IntegrityError. ... ok
test_is_online_false_by_de
fault (users.tests.UserMod
elTests.test_is_online_fal
se_by_default)
New user has no 
last_seen_at, so 
is_online is False. ... ok
test_str_returns_email (us
ers.tests.UserModelTests.t
est_str_returns_email)
User __str__ returns 
email. ... ok

==========================
==========================
==================
ERROR: test_create_job_aut
henticated_client (logisti
cs.tests.test_api.JobCreat
eAPITests.test_create_job_
authenticated_client)
Authenticated CLIENT can 
create a job.
--------------------------
--------------------------
------------------
Traceback (most recent 
call last):
  File "c:\Users\DELL\.gem
ini\antigravity\playground
\tensor-ride\transporti_v1
\backend\logistics\tests\t
est_api.py", line 92, in t
est_create_job_authenticat
ed_client
    self.assertEqual(resp.
data['status'], 'DRAFT')
                     
~~~~~~~~~^^^^^^^^^^
KeyError: 'status'

==========================
==========================
==================
ERROR: test_my_jobs_only_r
eturns_own (logistics.test
s.test_api.JobMyListAPITes
ts.test_my_jobs_only_retur
ns_own)
User only sees their own 
jobs, not others'.
--------------------------
--------------------------
------------------
Traceback (most recent 
call last):
  File "c:\Users\DELL\.gem
ini\antigravity\playground
\tensor-ride\transporti_v1
\backend\logistics\tests\t
est_api.py", line 169, in 
test_my_jobs_only_returns_
own
    jobs = 
resp.data.get('results', 
resp.data)
           ^^^^^^^^^^^^^
AttributeError: 
'ReturnList' object has 
no attribute 'get'

==========================
==========================
==================
ERROR: test_public_jobs_re
turns_published_only (logi
stics.tests.test_api.JobPu
blicListAPITests.test_publ
ic_jobs_returns_published_
only)
Public endpoint should 
only return PUBLISHED 
jobs.
--------------------------
--------------------------
------------------
Traceback (most recent 
call last):
  File "c:\Users\DELL\.gem
ini\antigravity\playground
\tensor-ride\transporti_v1
\backend\logistics\tests\t
est_api.py", line 141, in 
test_public_jobs_returns_p
ublished_only
    for job in 
resp.data.get('results', 
resp.data):
               
^^^^^^^^^^^^^
AttributeError: 
'ReturnList' object has 
no attribute 'get'

==========================
==========================
==================
ERROR: test_profile_get_au
thenticated (users.tests.P
rofileAPITests.test_profil
e_get_authenticated)
Authenticated user can 
GET their profile.
--------------------------
--------------------------
------------------
Traceback (most recent 
call last):
  File "c:\Users\DELL\.gem
ini\antigravity\playground
\tensor-ride\transporti_v1
\backend\users\tests.py", 
line 279, in test_profile_
get_authenticated
    self.assertEqual(resp.
data['email'], 
'profile@test.tn')
                     
~~~~~~~~~^^^^^^^^^
KeyError: 'email'

==========================
==========================
==================
FAIL: test_register_passwo
rd_mismatch (users.tests.R
egisterAPITests.test_regis
ter_password_mismatch)
Mismatched passwords 
return 400.
--------------------------
--------------------------
------------------
Traceback (most recent 
call last):
  File "c:\Users\DELL\.gem
ini\antigravity\playground
\tensor-ride\transporti_v1
\backend\users\tests.py", 
line 169, in test_register
_password_mismatch
    self.assertEqual(resp.
status_code, status.HTTP_4
00_BAD_REQUEST)
    ~~~~~~~~~~~~~~~~^^^^^^
^^^^^^^^^^^^^^^^^^^^^^^^^^
^^^^^^^^^^^^^^^
AssertionError: 429 != 400

==========================
==========================
==================
FAIL: test_register_transp
orter_success (users.tests
.RegisterAPITests.test_reg
ister_transporter_success)
Valid TRANSPORTER 
registration returns 201 
and creates TrustProfile.
--------------------------
--------------------------
------------------
Traceback (most recent 
call last):
  File "c:\Users\DELL\.gem
ini\antigravity\playground
\tensor-ride\transporti_v1
\backend\users\tests.py", 
line 156, in test_register
_transporter_success
    self.assertEqual(resp.
status_code, 
status.HTTP_201_CREATED)
    ~~~~~~~~~~~~~~~~^^^^^^
^^^^^^^^^^^^^^^^^^^^^^^^^^
^^^^^^^^^^^
AssertionError: 429 != 201

--------------------------
--------------------------
------------------
Ran 73 tests in 106.495s

FAILED (failures=2, 
errors=4)
Destroying test database 
for alias 'default' ('file
:memorydb_default?mode=mem
ory&cache=shared')...

  Applying users.0003_blueprint_alignment... OK
System check identified no issues (0 silenced).
